// Jest Snapshot v1, https://goo.gl/fbAQLP

exports[`AreaChart renders App component 1`] = `
"Snapshot Diff:
Compared values have no visual difference."
`;

exports[`AreaChart 数据 1`] = `
"Snapshot Diff:
Compared values have no visual difference."
`;

exports[`AreaChart 数据更新 [] --> [{},{},{}] 1`] = `
"Snapshot Diff:
Compared values have no visual difference."
`;

exports[`AreaChart 数据更新 1`] = `
"Snapshot Diff:
Compared values have no visual difference."
`;

exports[`AreaChart 数据更新[] = 1`] = `
"Snapshot Diff:
Compared values have no visual difference."
`;

exports[`AreaChart 数据更新[] --> [] 1`] = `
"Snapshot Diff:
Compared values have no visual difference."
`;

exports[`AreaChart 数据更新[] --> [{},{},{}] 1`] = `
"Snapshot Diff:
Compared values have no visual difference."
`;
